SHA=54b376a683ba2ee605b5d4f66b08e5e944b17e26

added 111 packages in 3s

> jos-frontend@1.1.0 test
> vitest run


 RUN  v2.1.9 /home/steven/jos-ui-integ-verify/frontend

 ↓ src/m10_1_live.test.ts (6 tests | 6 skipped)
 ✓ src/m10_2.test.ts (4 tests) 9ms
 ✓ src/m10_1.test.ts (11 tests) 22ms

 Test Files  2 passed | 1 skipped (3)
      Tests  15 passed | 6 skipped (21)
   Start at  18:23:48
   Duration  965ms (transform 403ms, setup 0ms, collect 752ms, tests 31ms, environment 1ms, prepare 267ms)


> jos-frontend@1.1.0 typecheck
> tsc --noEmit


> jos-frontend@1.1.0 build
> tsc --noEmit && vite build

vite v6.4.3 building for production...
transforming...
✓ 82 modules transformed.
rendering chunks...
computing gzip size...
dist/index.html                   0.78 kB │ gzip:   0.43 kB
dist/assets/index-DAIKuw3t.css   71.13 kB │ gzip:  13.43 kB
dist/assets/index-DT47cZ03.js   344.82 kB │ gzip: 109.75 kB
✓ built in 1.06s
Synthetic research simulation — not a forecast: 1
not confidence intervals: 1
not predictions of real policy effectiveness: 1
Phases are real checkpoints: 2
No real people are modelled: 1
Risk strata are targeting metadata: 1
Map data © OpenStreetMap contributors, ODbL: 1
FRONTEND_MIRROR=PASS SHA=54b376a683ba2ee605b5d4f66b08e5e944b17e26
