SHA=dd9a0d0b52de905c3e92a2e905320bafd7ae166f

added 111 packages in 3s

> jos-frontend@1.1.0 test
> vitest run


 RUN  v2.1.9 /home/steven/jos-ui-u2-verify/frontend

 ↓ src/m10_1_live.test.ts (6 tests | 6 skipped)
 ✓ src/m10_2.test.ts (4 tests) 9ms
 ✓ src/m10_1.test.ts (11 tests) 22ms

 Test Files  2 passed | 1 skipped (3)
      Tests  15 passed | 6 skipped (21)
   Start at  17:52:10
   Duration  1.05s (transform 405ms, setup 0ms, collect 764ms, tests 31ms, environment 1ms, prepare 289ms)


> jos-frontend@1.1.0 typecheck
> tsc --noEmit


> jos-frontend@1.1.0 build
> tsc --noEmit && vite build

vite v6.4.3 building for production...
transforming...
✓ 81 modules transformed.
rendering chunks...
computing gzip size...
dist/index.html                   0.78 kB │ gzip:   0.43 kB
dist/assets/index-D5ipDunF.css   48.13 kB │ gzip:   9.83 kB
dist/assets/index-Cw4UPABb.js   329.40 kB │ gzip: 105.62 kB
✓ built in 1.06s
FRONTEND_MIRROR=PASS SHA=dd9a0d0b52de905c3e92a2e905320bafd7ae166f
