Merge made by the 'ort' strategy.
 frontend/index.html                             |   2 +-
 frontend/src/app/AppShell.tsx                   | 174 ++++---
 frontend/src/app/ThemeProvider.tsx              |   6 +-
 frontend/src/components/HBar.tsx                |  66 +--
 frontend/src/components/JerseyMap.tsx           |  60 ++-
 frontend/src/components/LineChart.tsx           | 199 ++++++-
 frontend/src/components/MetricTile.tsx          |   9 +-
 frontend/src/components/ProvenanceChain.tsx     |  94 ++++
 frontend/src/components/index.ts                |  14 +-
 frontend/src/components/rankedBarColor.ts       |  12 +
 frontend/src/content/validation.ts              |  80 +++
 frontend/src/map/geometry.ts                    |   6 +-
 frontend/src/styles/base.css                    | 238 +++++----
 frontend/src/styles/motion.css                  |  56 ++
 frontend/src/styles/tokens.css                  | 244 ++++++---
 frontend/src/styles/views.css                   | 105 +++-
 frontend/src/views/compare/CompareView.tsx      | 605 +++++++++++++---------
 frontend/src/views/compare/compare.css          | 191 +++++--
 frontend/src/views/drawer/ProvenanceContent.tsx |   7 +-
 frontend/src/views/drawer/drawer.css            |  91 ++++
 frontend/src/views/home/HomeView.tsx            |  80 +--
 frontend/src/views/results/ResultsView.tsx      | 646 ++++++++++++-----------
 frontend/src/views/results/TabsBand.tsx         | 124 +++--
 frontend/src/views/results/exporters.ts         |  25 +-
 frontend/src/views/results/results.css          | 531 ++++++++++++++++++-
 frontend/src/views/runs/RunsView.tsx            | 659 +++++++++++++++++++-----
 frontend/src/views/runs/runs.css                | 623 ++++++++++++++++++++++
 frontend/src/views/simulate/SimulateView.tsx    |  89 +++-
 28 files changed, 3860 insertions(+), 1176 deletions(-)
 create mode 100644 frontend/src/components/ProvenanceChain.tsx
 create mode 100644 frontend/src/components/rankedBarColor.ts
 create mode 100644 frontend/src/content/validation.ts
 create mode 100644 frontend/src/styles/motion.css
MERGE=862e440cfc311bd2b4f87b2af4b6ab145ddb2a14

added 111 packages in 3s

> jos-frontend@1.1.0 test
> vitest run


 RUN  v2.1.9 /home/steven/jos-g33-verify/frontend

 ↓ src/m10_1_live.test.ts (6 tests | 6 skipped)
 ✓ src/m10_2.test.ts (4 tests) 9ms
 ✓ src/m10_1.test.ts (11 tests) 20ms

 Test Files  2 passed | 1 skipped (3)
      Tests  15 passed | 6 skipped (21)
   Start at  09:22:59
   Duration  890ms (transform 368ms, setup 0ms, collect 685ms, tests 29ms, environment 1ms, prepare 246ms)


> jos-frontend@1.1.0 typecheck
> tsc --noEmit


> jos-frontend@1.1.0 build
> tsc --noEmit && vite build

vite v6.4.3 building for production...
transforming...
✓ 83 modules transformed.
rendering chunks...
computing gzip size...
dist/index.html                   0.78 kB │ gzip:   0.43 kB
dist/assets/index-DFEUSoIw.css   71.09 kB │ gzip:  13.40 kB
dist/assets/index-Bmt0VPvY.js   346.57 kB │ gzip: 110.40 kB
✓ built in 987ms
FRONTEND_MIRROR=PASS MERGE=862e440cfc311bd2b4f87b2af4b6ab145ddb2a14
862e440cfc311bd2b4f87b2af4b6ab145ddb2a14	refs/heads/main
