=== continuation of the full verify job at ad37d45df75f28459b1311476128438114c198a6 after pytest: 1 failed (known flake), 467 passed, 4 skipped
1 failed in 5.54s
1 failed in 5.54s
1 passed in 5.40s
+ uv run ruff check .
+ /home/steven/.local/bin/uv tool run --from uv==0.11.30 uv run ruff check .
All checks passed!
+ uv run ruff format --check .
+ /home/steven/.local/bin/uv tool run --from uv==0.11.30 uv run ruff format --check .
313 files already formatted
+ uv run mypy --ignore-missing-imports src/jersey_outbreak/population_structure_schemas.py src/jersey_outbreak/population_structure_controls.py src/jersey_outbreak/population_structure_artifacts.py src/jersey_outbreak/population_structure_generator.py src/jersey_outbreak/network_schemas.py src/jersey_outbreak/network_generator.py src/jersey_outbreak/network_artifacts.py src/jersey_outbreak/intervention_schemas.py src/jersey_outbreak/interventions.py src/jersey_outbreak/intervention_artifacts.py src/jersey_outbreak/intervention_analysis.py src/jersey_outbreak/scenario.py src/jersey_outbreak/staffing_evidence.py src/jersey_outbreak/staffing_generator.py src/jersey_outbreak/starsim_adapter.py
+ /home/steven/.local/bin/uv tool run --from uv==0.11.30 uv run mypy --ignore-missing-imports src/jersey_outbreak/population_structure_schemas.py src/jersey_outbreak/population_structure_controls.py src/jersey_outbreak/population_structure_artifacts.py src/jersey_outbreak/population_structure_generator.py src/jersey_outbreak/network_schemas.py src/jersey_outbreak/network_generator.py src/jersey_outbreak/network_artifacts.py src/jersey_outbreak/intervention_schemas.py src/jersey_outbreak/interventions.py src/jersey_outbreak/intervention_artifacts.py src/jersey_outbreak/intervention_analysis.py src/jersey_outbreak/scenario.py src/jersey_outbreak/staffing_evidence.py src/jersey_outbreak/staffing_generator.py src/jersey_outbreak/starsim_adapter.py
Success: no issues found in 15 source files
+ uv run jos demo --seed 123
+ /home/steven/.local/bin/uv tool run --from uv==0.11.30 uv run jos demo --seed 123
{"declared_deterministic_outputs": ["seed", "starsim_version", "time_series", "final"], "final": {"cumulative_infections": 37, "n_infected": 0, "n_recovered": 47, "n_susceptible": 53}, "model": "starsim_official_sir_demo", "network": {"n_contacts": 10, "official_starsim_network": true, "type": "RandomNet"}, "population_size": 100, "run_id": "jos-demo-55bc2313fab1", "schema_version": "1.0", "seed": 123, "simulation": {"dt": 1.0, "start": 2000.0, "stop": 2030.0, "unit": "year"}, "starsim_version": "3.5.2", "time_series": {"cumulative_infections": [36, 37, 37, 37, 37, 37, 37, 37, 37, 37, 37, 37, 37, 37, 37, 37, 37, 37, 37, 37, 37, 37, 37, 37, 37, 37, 37, 37, 37, 37, 37], "n_infected": [46, 2, 0, 0, 0, 0, 0, 0, 0, 0, 0, 0, 0, 0, 0, 0, 0, 0, 0, 0, 0, 0, 0, 0, 0, 0, 0, 0, 0, 0, 0], "n_recovered": [0, 45, 47, 47, 47, 47, 47, 47, 47, 47, 47, 47, 47, 47, 47, 47, 47, 47, 47, 47, 47, 47, 47, 47, 47, 47, 47, 47, 47, 47, 47], "n_susceptible": [54, 53, 53, 53, 53, 53, 53, 53, 53, 53, 53, 53, 53, 53, 53, 53, 53, 53, 53, 53, 53, 53, 53, 53, 53, 53, 53, 53, 53, 53, 53], "time_index": [0, 1, 2, 3, 4, 5, 6, 7, 8, 9, 10, 11, 12, 13, 14, 15, 16, 17, 18, 19, 20, 21, 22, 23, 24, 25, 26, 27, 28, 29, 30]}, "validation_level": "compatibility_spike"}
+ uv run jos population generate --mode ci --seed 123 --output-dir /tmp/jos-popfix-fullmirror-population
+ /home/steven/.local/bin/uv tool run --from uv==0.11.30 uv run jos population generate --mode ci --seed 123 --output-dir /tmp/jos-popfix-fullmirror-population
{"artifact_directory": "/tmp/jos-popfix-fullmirror-population/jos-population-m2-ci-seed-123-5f55360ffc68", "artifact_id": "jos-population-m2-ci-seed-123-5f55360ffc68", "communal_residents": 60, "diagnostics_status": "passed", "households": 1295, "logical_content_hash": "28a6d90a96454d11dcd6ad9d4531d69f9e4ec4396b802780084d3ae598c839a0", "mode": "ci", "runtime_seconds": 0.7861147029907443, "target_population": 3000}
+ uv run jos structure generate --mode ci --seed 123 --output-dir /tmp/jos-popfix-fullmirror-structure
+ /home/steven/.local/bin/uv tool run --from uv==0.11.30 uv run jos structure generate --mode ci --seed 123 --output-dir /tmp/jos-popfix-fullmirror-structure
{"artifact_directory": "/tmp/jos-popfix-fullmirror-structure/jos-structure-m3-ci-seed-123-64334a035ddb", "artifact_id": "jos-structure-m3-ci-seed-123-64334a035ddb", "diagnostics_status": "passed", "logical_content_hash": "f072042f07db46a94fd61781eb9ee99545a6dc169d34b83d6de21ffdf56e3ce3", "m2_artifact_id": "jos-population-m2-ci-seed-123-5f55360ffc68", "mode": "ci", "primary_jobs": 1666, "runtime_seconds": 0.13277710101101547, "schools": 5, "secondary_jobs": 117, "target_population": 3000, "workplaces": 252}
+ uv run jos network generate --mode ci --seed 123 --output-dir /tmp/jos-popfix-fullmirror-network
+ /home/steven/.local/bin/uv tool run --from uv==0.11.30 uv run jos network generate --mode ci --seed 123 --output-dir /tmp/jos-popfix-fullmirror-network
{"artifact_directory": "/tmp/jos-popfix-fullmirror-network/jos-networks-m4-ci-seed-123-4768b9613c93", "artifact_id": "jos-networks-m4-ci-seed-123-4768b9613c93", "baseline_edges": 22428, "diagnostics_status": "passed", "logical_content_hash": "749e32383cbcfa5973cd2680e09b175267b12d72963cc286e6c4dd720ae53657", "mode": "ci", "routes": 11, "runtime_seconds": 0.7633360030013137, "target_population": 3000}
+ uv run python scripts/ci_relocation_check.py
+ /home/steven/.local/bin/uv tool run --from uv==0.11.30 uv run python scripts/ci_relocation_check.py
{"artifact_directory": "/home/steven/jos-popfix-verify/outputs/interventions/jos-intervention-m7-ci-seed-123-c0be3d419f32", "artifact_id": "jos-intervention-m7-ci-seed-123-c0be3d419f32", "diagnostics_status": "passed", "logical_content_hash": "1e9f01ed1d770bbeb592c3d0c69add44040d2e80339b93b884b24701f4ed8a99", "runtime_seconds": 4.290601015993161, "scenario_hash": "7158b33cb7eba93112b1326aacc253d19136a4a85f70c7c4245113a26478665a", "scenario_id": "m7-baseline", "travel_controls": "DEFERRED TO M8"}
verifier success: m7_intervention jos-intervention-m7-ci-seed-123-c0be3d419f32
+ uv run mypy src/jersey_outbreak/phase0_campaign.py
+ /home/steven/.local/bin/uv tool run --from uv==0.11.30 uv run mypy src/jersey_outbreak/phase0_campaign.py
Success: no issues found in 1 source file
+ uv run python -m jersey_outbreak.phase0_campaign dry-run --config configs/calibration/v13_phase0b_synthetic.yaml --predeclaration docs/research/v1_3/2026-09-25-phase0b-predeclaration.md --ruling docs/research/v1_3/2026-09-23-g29-p02-tie-ruling-ACCEPTED.md --owner-ruling docs/research/v1_3/2026-09-25-phase0b-owner-ruling-ACCEPTED.md
+ /home/steven/.local/bin/uv tool run --from uv==0.11.30 uv run python -m jersey_outbreak.phase0_campaign dry-run --config configs/calibration/v13_phase0b_synthetic.yaml --predeclaration docs/research/v1_3/2026-09-25-phase0b-predeclaration.md --ruling docs/research/v1_3/2026-09-23-g29-p02-tie-ruling-ACCEPTED.md --owner-ruling docs/research/v1_3/2026-09-25-phase0b-owner-ruling-ACCEPTED.md
{
  "predeclaration_sha256": "ec8df64630dd50c83b0866a096fba4980453c34232d18114129587274f257451",
  "g29_ruling_path": "docs/research/v1_3/2026-09-23-g29-p02-tie-ruling-ACCEPTED.md",
  "g29_ruling_sha256": "06e49aaa7f21564dd6f525941633054fad39cf6714aa74aec0ef1f12dc1eb70c",
  "g29_ruling_verified": true,
  "p0_1_grid_cells": 625,
  "p0_2_wrong_delay_cells": 625,
  "p0_2_wrong_regime_cells": 75,
  "p0_3_cells": 9,
  "total_cells": 1334,
  "truth_latent_outbreak_calls": 5,
  "p0_1_p0_2_candidate_latent_outbreak_calls": 75,
  "p0_3_latent_outbreak_calls": 27,
  "p0_3_observation_transforms": 27,
  "total_latent_outbreak_calls": 107,
  "p0_1_latent_calls": 80,
  "p0_1_observation_transforms": 1880,
  "total_observation_transforms": 4007,
  "distinct_population_network_seed_builds": 8,
  "duration_days": 30,
  "mode": "ci",
  "implemented_arms": [
    "p0_1",
    "p0_2a",
    "p0_2b",
    "p0_3"
  ],
  "implemented_p0_1_grid_cells": 625,
  "implemented_p0_2a_grid_cells": 625,
  "implemented_p0_2b_grid_cells": 75,
  "implemented_p0_3_grid_cells": 9,
  "planned_p0_3_grid_cells": 9,
  "implemented_grid_cells": 1334,
  "implemented_latent_outbreak_calls": 107,
  "implemented_observation_transforms": 4007,
  "planned_grid_cells": 1334,
  "planned_latent_outbreak_calls": 107,
  "planned_observation_transforms": 4007,
  "predeclaration_path": "docs/research/v1_3/2026-09-25-phase0b-predeclaration.md",
  "predeclaration_verified": true,
  "p0_2a_latent_calls": 0,
  "p0_2b_latent_calls": 0,
  "p0_2a_observation_transforms": 1875,
  "p0_2b_observation_transforms": 225,
  "p0_3_latent_calls": 27,
  "owner_ruling_path": "docs/research/v1_3/2026-09-25-phase0b-owner-ruling-ACCEPTED.md",
  "owner_ruling_sha256": "ea15ea558bd7b6bea962f55b2cf83f44c13cf6f7b07da1f3bab03598a1f98a39",
  "owner_ruling_verified": true
}
+ git diff --check
++ git status --porcelain
+ test -z ''
++ git rev-parse HEAD
+ test ad37d45df75f28459b1311476128438114c198a6 = ad37d45df75f28459b1311476128438114c198a6
+ printf 'MIRROR_RESULT=PASS SHA=%s\n' ad37d45df75f28459b1311476128438114c198a6
MIRROR_RESULT=PASS SHA=ad37d45df75f28459b1311476128438114c198a6
+ rc=0
+ '[' 0 -ne 0 ']'
cont exit=0
CONT_DONE
