30f72b3fe1ef6eb60a0bd2d85ec07af8f0f0a126
 M src/jersey_outbreak/phase0_campaign.py
 M tests/test_phase0_campaign.py
2 files left unchanged
All checks passed!
2 files already formatted
Success: no issues found in 1 source file
src/jersey_outbreak/phase0_campaign.py:3922:        "runtime_event_order_recorded": False,
tests/test_phase0_campaign.py:1984:    assert blind_manifest["runtime_event_order_recorded"] is False
tests/test_phase0_campaign.py:1992:        assert "persisted_event_order" not in record
tests/test_phase0_campaign.py:1993:        assert "truth_join_event_order" not in record
============================= test session starts ==============================
platform linux -- Python 3.12.13, pytest-8.4.2, pluggy-1.6.0
rootdir: /home/steven/jos-p0-3-wt
configfile: pyproject.toml
plugins: anyio-4.14.2
collected 42 items

tests/test_phase0_campaign.py .......................................... [100%]

============================== 42 passed in 4.63s ==============================
============================= test session starts ==============================
platform linux -- Python 3.12.13, pytest-8.4.2, pluggy-1.6.0
rootdir: /home/steven/jos-p0-3-wt
configfile: pyproject.toml
testpaths: tests
plugins: anyio-4.14.2
collected 456 items

tests/test_b01_portable_artifacts.py ..............                      [  3%]
tests/test_bench_dynamic_routes.py ......                                [  4%]
tests/test_c1_identity.py .....                                          [  5%]
tests/test_c2_network_semantics.py ......                                [  6%]
tests/test_c3_contracts.py .......                                       [  8%]
tests/test_c4_contracts.py ..................                            [ 12%]
tests/test_c5_m7_integrity.py ............................               [ 18%]
tests/test_calibration.py .....                                          [ 19%]
tests/test_cli_integration.py ..                                         [ 19%]
tests/test_contracts.py ....                                             [ 20%]
tests/test_data_pipeline.py .....................                        [ 25%]
tests/test_data_sources.py ....                                          [ 26%]
tests/test_ensemble.py ...........                                       [ 28%]
tests/test_ensemble_band_horizon.py .                                    [ 28%]
tests/test_golden_hashes.py .........                                    [ 30%]
tests/test_hashing.py ...                                                [ 31%]
tests/test_hashkey_suffix.py ..                                          [ 32%]
tests/test_init_metadata_boundary.py .                                   [ 32%]
tests/test_job_liveness.py ....                                          [ 33%]
tests/test_m3_secondary_jobs_oracle.py ...                               [ 33%]
tests/test_m4_hash_stream.py ..                                          [ 34%]
tests/test_m7_interventions.py .....                                     [ 35%]
tests/test_m8_1_travel_integrity.py ............                         [ 37%]
tests/test_m8_2_travel_closure.py ......                                 [ 39%]
tests/test_m8_travel.py ..............                                   [ 42%]
tests/test_m9_1_job_integrity.py ........................                [ 47%]
tests/test_m9_2_provenance.py ...............                            [ 50%]
tests/test_m9_4_calendar_finalization.py .....                           [ 51%]
tests/test_m9_api.py .......                                             [ 53%]
tests/test_networks.py ............................                      [ 59%]
tests/test_observation.py ........                                       [ 61%]
tests/test_outbreak.py ............                                      [ 64%]
tests/test_perf10_grid_once.py .                                         [ 64%]
tests/test_perf4_diagnostics.py .......                                  [ 65%]
tests/test_perf6_interventions.py ....................                   [ 70%]
tests/test_perf9_parent_reuse.py .........                               [ 72%]
tests/test_phase0_campaign.py .......................................... [ 81%]
                                                                         [ 81%]
tests/test_population.py .....                                           [ 82%]
tests/test_population_structure.py ......                                [ 83%]
tests/test_prov_helpers.py ..........                                    [ 85%]
tests/test_prov_job_ordering.py .....                                    [ 87%]
tests/test_respiratory_attribution_lookup.py ...........                 [ 89%]
tests/test_route4_weekday_memo.py s                                      [ 89%]
tests/test_route5_phase2_columns.py ss..                                 [ 90%]
tests/test_route_snapshot_columns.py ....s                               [ 91%]
tests/test_scientific_corrections_datafix.py .........                   [ 93%]
tests/test_staffing.py ..........                                        [ 95%]
tests/test_starsim_demo.py ..                                            [ 96%]
tests/test_v121_prov_verifier_fixes.py .......                           [ 97%]
tests/test_v12_bundle_selftest.py ....                                   [ 98%]
tests/test_v12_carry_ins.py ..                                           [ 99%]
tests/test_v12_corr3_dictionary.py ...                                   [ 99%]
tests/test_v12_corr4_dictionary.py .                                     [100%]

=============================== warnings summary ===============================
.venv/lib/python3.12/site-packages/fastapi/testclient.py:1
  /home/steven/jos-p0-3-wt/.venv/lib/python3.12/site-packages/fastapi/testclient.py:1: StarletteDeprecationWarning: Using `httpx` with `starlette.testclient` is deprecated; install `httpx2` instead.
    from starlette.testclient import TestClient as TestClient  # noqa

tests/test_c1_identity.py: 1 warning
tests/test_calibration.py: 6 warnings
tests/test_m8_1_travel_integrity.py: 1 warning
tests/test_m9_1_job_integrity.py: 2 warnings
tests/test_perf9_parent_reuse.py: 3 warnings
tests/test_v121_prov_verifier_fixes.py: 1 warning
  /home/steven/jos-p0-3-wt/.venv/lib/python3.12/site-packages/starsim/timeline.py:408: RuntimeWarning: 
  The difference between start = <2025.01.06> and stop = <2025.01.06> is less than dt = 1; no timesteps will be run.
    ss.warn(warnmsg)

-- Docs: https://docs.pytest.org/en/stable/how-to/capture-warnings.html
=========================== short test summary info ============================
SKIPPED [1] tests/test_route4_weekday_memo.py:74: ROUTE-4 parent comparison tree is not present
SKIPPED [2] tests/test_route5_phase2_columns.py:100: phase-2 base comparison tree is not present
SKIPPED [1] tests/test_route_snapshot_columns.py:240: base comparison tree is not present
=========== 452 passed, 4 skipped, 15 warnings in 1045.80s (0:17:25) ===========
FULL_SUITE_EXIT_CODE=0
 src/jersey_outbreak/phase0_campaign.py | 17 +++++++----------
 tests/test_phase0_campaign.py          | 23 ++++++++++++++++++-----
 2 files changed, 25 insertions(+), 15 deletions(-)
 M src/jersey_outbreak/phase0_campaign.py
 M tests/test_phase0_campaign.py
diff --git a/src/jersey_outbreak/phase0_campaign.py b/src/jersey_outbreak/phase0_campaign.py
index f4391b0..9f13cf6 100644
--- a/src/jersey_outbreak/phase0_campaign.py
+++ b/src/jersey_outbreak/phase0_campaign.py
@@ -3861,7 +3861,6 @@ def _collect_retained_evidence(
         )
 
     blind_records: list[dict[str, Any]] = []
-    record_ordinal = 0
     record_groups = (
         ("p0_1", workspace / "p0_1" / "blind_estimates", p01_result.config.target_process_seeds),
         (
@@ -3889,7 +3888,6 @@ def _collect_retained_evidence(
                 raise CampaignError(
                     f"persisted blind estimate is malformed for {arm}/{target_seed}"
                 )
-            record_ordinal += 1
             relative_path = f"blind_estimates/{arm}/{target_seed}.json"
             file_sha256 = hashlib.sha256(content).hexdigest()
             entry = {
@@ -3898,9 +3896,7 @@ def _collect_retained_evidence(
                 "target_seed": target_seed,
                 "estimate_hash": record["estimate_hash"],
                 "file_sha256": file_sha256,
-                "persisted_event_order": 2 * record_ordinal - 1,
-                "truth_join_event_order": 2 * record_ordinal,
-                "persisted_before_truth_join": True,
+                "persist_before_truth_join": "guaranteed_by_code_path",
             }
             blind_records.append(entry)
             add_file(
@@ -3915,7 +3911,7 @@ def _collect_retained_evidence(
                     "arm": arm,
                     "target_seed": target_seed,
                     "estimate_hash": record["estimate_hash"],
-                    "persisted_before_truth_join": True,
+                    "persist_before_truth_join": "guaranteed_by_code_path",
                     "manifest": "blind_estimate_manifest.json",
                 },
             )
@@ -3923,11 +3919,12 @@ def _collect_retained_evidence(
     blind_manifest = {
         "schema_version": 1,
         "record_count": len(blind_records),
+        "runtime_event_order_recorded": False,
         "records": blind_records,
         "ordering_note": (
-            "Event order records each persisted JSON read-back before the corresponding "
-            "truth join/evaluation; the persisted file SHA-256 and estimate_hash identify "
-            "the exact retained record."
+            "Persistence and read-back verification occur before each truth evaluation by "
+            "construction of the execution code path. Runtime event order and timestamps "
+            "were not recorded."
         ),
     }
     blind_manifest_bytes = _compact_json_bytes(blind_manifest)
@@ -3937,7 +3934,7 @@ def _collect_retained_evidence(
         {
             "kind": "blind_estimate_order_manifest",
             "record_count": len(blind_records),
-            "recomputes": "Record identity and persist-before-truth-join ordering evidence.",
+            "recomputes": "Record identity and code-path persist-before-truth-join guarantee.",
         },
     )
 
diff --git a/tests/test_phase0_campaign.py b/tests/test_phase0_campaign.py
index da1b6de..6b1d530 100644
--- a/tests/test_phase0_campaign.py
+++ b/tests/test_phase0_campaign.py
@@ -1976,20 +1976,33 @@ def test_p0_3_all_arms_mocked_execute_reuses_builds_and_rejects_corrupt_blind_re
         )
     assert recomputed_viability == summary["arms"]["p0_1"]["predicates"]["truth_viability"]
 
-    # Blind records are the exact published read-backs and carry ordering evidence.
+    # Blind records identify exact read-backs and state the code-path guarantee.
     blind_manifest = json.loads(
         (bundle / "blind_estimate_manifest.json").read_text(encoding="utf-8")
     )
     assert blind_manifest["record_count"] == 15
-    for ordinal, record in enumerate(blind_manifest["records"], start=1):
+    assert blind_manifest["runtime_event_order_recorded"] is False
+    assert "not recorded" in blind_manifest["ordering_note"].lower()
+    for record in blind_manifest["records"]:
         estimate_path = bundle / record["path"]
         estimate_bytes = estimate_path.read_bytes()
         assert hashlib.sha256(estimate_bytes).hexdigest() == record["file_sha256"]
         estimate = json.loads(estimate_bytes)
         assert estimate["estimate_hash"] == record["estimate_hash"]
-        assert record["persisted_event_order"] == 2 * ordinal - 1
-        assert record["truth_join_event_order"] == 2 * ordinal
-        assert record["persisted_before_truth_join"] is True
+        assert "persisted_event_order" not in record
+        assert "truth_join_event_order" not in record
+        assert "persisted_before_truth_join" not in record
+        assert record["persist_before_truth_join"] == "guaranteed_by_code_path"
+
+    blind_evidence_entries = [
+        entry for entry in retained_entries if entry["kind"] == "blind_estimate_readback"
+    ]
+    assert len(blind_evidence_entries) == 15
+    assert all(
+        entry["persist_before_truth_join"] == "guaranteed_by_code_path"
+        and "persisted_before_truth_join" not in entry
+        for entry in blind_evidence_entries
+    )
 
     sum_lines = (bundle / "SHA256SUMS").read_text(encoding="utf-8").splitlines()
     sum_names = [line.split("  ", 1)[1] for line in sum_lines]
