=== git rev/status ===
2ab6b10216b46e9599d9cc42c0b00aa9178c0436
?? configs/calibration/
?? src/jersey_outbreak/phase0_campaign.py
?? tests/test_phase0_campaign.py
=== dry-run ===
{
  "predeclaration_sha256": "ef67fe49903c3984ca98679eb0470878bc25523baca3bc23a63e4ae7d983a104",
  "p0_1_grid_cells": 81,
  "p0_2_wrong_delay_cells": 81,
  "p0_2_wrong_regime_cells": 27,
  "p0_3_cells": 9,
  "total_cells": 198,
  "truth_latent_outbreak_calls": 5,
  "p0_1_p0_2_candidate_latent_outbreak_calls": 27,
  "p0_3_latent_outbreak_calls": 27,
  "total_latent_outbreak_calls": 59,
  "p0_1_latent_calls": 32,
  "p0_1_observation_transforms": 248,
  "total_observation_transforms": 599,
  "distinct_population_network_seed_builds": 8,
  "duration_days": 30,
  "mode": "ci"
}
exit=0
=== focused tests ===
============================= test session starts ==============================
platform linux -- Python 3.12.13, pytest-8.4.2, pluggy-1.6.0
rootdir: /home/steven/jos-p0-1-wt
configfile: pyproject.toml
plugins: anyio-4.14.2
collected 12 items / 7 deselected / 5 selected

tests/test_phase0_campaign.py .....                                      [100%]

======================= 5 passed, 7 deselected in 0.07s ========================
exit=0
=== lock check ===
Resolved 77 packages in 0.68ms
exit=0
=== compileall ===
exit=0
=== ruff check ===
All checks passed!
exit=0
=== ruff format check ===
259 files already formatted
exit=0
=== mypy new module ===
Success: no issues found in 1 source file
exit=0
=== full pytest ===
============================= test session starts ==============================
platform linux -- Python 3.12.13, pytest-8.4.2, pluggy-1.6.0
rootdir: /home/steven/jos-p0-1-wt
configfile: pyproject.toml
testpaths: tests
plugins: anyio-4.14.2
collected 426 items

tests/test_b01_portable_artifacts.py ..............                      [  3%]
tests/test_bench_dynamic_routes.py ......                                [  4%]
tests/test_c1_identity.py .....                                          [  5%]
tests/test_c2_network_semantics.py ......                                [  7%]
tests/test_c3_contracts.py .......                                       [  8%]
tests/test_c4_contracts.py ..................                            [ 13%]
tests/test_c5_m7_integrity.py ............................               [ 19%]
tests/test_calibration.py .....                                          [ 20%]
tests/test_cli_integration.py ..                                         [ 21%]
tests/test_contracts.py ....                                             [ 22%]
tests/test_data_pipeline.py .....................                        [ 27%]
tests/test_data_sources.py ....                                          [ 28%]
tests/test_ensemble.py ...........                                       [ 30%]
tests/test_ensemble_band_horizon.py .                                    [ 30%]
tests/test_golden_hashes.py .........                                    [ 33%]
tests/test_hashing.py ...                                                [ 33%]
tests/test_hashkey_suffix.py ..                                          [ 34%]
tests/test_init_metadata_boundary.py .                                   [ 34%]
tests/test_job_liveness.py ....                                          [ 35%]
tests/test_m3_secondary_jobs_oracle.py ...                               [ 36%]
tests/test_m4_hash_stream.py .============================= test session starts ==============================
platform linux -- Python 3.12.13, pytest-8.4.2, pluggy-1.6.0
rootdir: /home/steven/jos-p0-1-wt
configfile: pyproject.toml
testpaths: tests
plugins: anyio-4.14.2
collected 426 items

tests/test_b01_portable_artifacts.py ..............                      [  3%]
tests/test_bench_dynamic_routes.py ......                                [  4%]
tests/test_c1_identity.py .....                                          [  5%]
tests/test_c2_network_semantics.py ......                                [  7%]
tests/test_c3_contracts.py .......                                       [  8%]
tests/test_c4_contracts.py ..................                            [ 13%]
tests/test_c5_m7_integrity.py ............................               [ 19%]
tests/test_calibration.py .....                                          [ 20%]
tests/test_cli_integration.py ..                                         [ 21%]
tests/test_contracts.py ....                                             [ 22%]
tests/test_data_pipeline.py .....................                        [ 27%]
tests/test_data_sources.py ....                                          [ 28%]
tests/test_ensemble.py ...........                                       [ 30%]
tests/test_ensemble_band_horizon.py .                                    [ 30%]
tests/test_golden_hashes.py .........                                    [ 33%]
tests/test_hashing.py ...                                                [ 33%]
tests/test_hashkey_suffix.py ..                                          [ 34%]
tests/test_init_metadata_boundary.py .                                   [ 34%]
tests/test_job_liveness.py ....                                          [ 35%]
tests/test_m3_secondary_jobs_oracle.py ...                               [ 36%]
tests/test_m4_hash_stream.py ..                                          [ 36%]
tests/test_m7_interventions.py .....                                     [ 37%]
tests/test_m8_1_travel_integrity.py ............                         [ 40%]
tests/test_m8_2_travel_closure.py ......                                 [ 42%]
tests/test_m8_travel.py ..............                                   [ 45%]
tests/test_m9_1_job_integrity.py ........................                [ 50%]
tests/test_m9_2_provenance.py ...............                            [ 54%]
tests/test_m9_4_calendar_finalization.py .....                           [ 55%]
tests/test_m9_api.py .......                                             [ 57%]
tests/test_networks.py ............................                      [ 63%]
tests/test_observation.py ........                                       [ 65%]
tests/test_outbreak.py ............                                      [ 68%]
tests/test_perf10_grid_once.py .                                         [ 68%]
tests/test_perf4_diagnostics.py .......                                  [ 70%]
tests/test_perf6_interventions.py ....................                   [ 75%]
tests/test_perf9_parent_reuse.py .........                               [ 77%]
tests/test_phase0_campaign.py ............                               [ 80%]
tests/test_population.py .....                                           [ 81%]
tests/test_population_structure.py ......                                [ 82%]
tests/test_prov_helpers.py ..........                                    [ 84%]
tests/test_prov_job_ordering.py .....                                    [ 86%]
tests/test_respiratory_attribution_lookup.py ...........                 [ 88%]
tests/test_route4_weekday_memo.py s                                      [ 88%]
tests/test_route5_phase2_columns.py ss..                                 [ 89%]
tests/test_route_snapshot_columns.py ....s                               [ 91%]
tests/test_scientific_corrections_datafix.py .........                   [ 93%]
tests/test_staffing.py ..........                                        [ 95%]
tests/test_starsim_demo.py ..                                            [ 96%]
tests/test_v121_prov_verifier_fixes.py .......                           [ 97%]
tests/test_v12_bundle_selftest.py ....                                   [ 98%]
tests/test_v12_carry_ins.py ..                                           [ 99%]
tests/test_v12_corr3_dictionary.py ...                                   [ 99%]
tests/test_v12_corr4_dictionary.py .                                     [100%]

=============================== warnings summary ===============================
.venv/lib/python3.12/site-packages/fastapi/testclient.py:1
  /home/steven/jos-p0-1-wt/.venv/lib/python3.12/site-packages/fastapi/testclient.py:1: StarletteDeprecationWarning: Using `httpx` with `starlette.testclient` is deprecated; install `httpx2` instead.
    from starlette.testclient import TestClient as TestClient  # noqa

tests/test_c1_identity.py: 1 warning
tests/test_calibration.py: 6 warnings
tests/test_m8_1_travel_integrity.py: 1 warning
tests/test_m9_1_job_integrity.py: 2 warnings
tests/test_perf9_parent_reuse.py: 3 warnings
tests/test_v121_prov_verifier_fixes.py: 1 warning
  /home/steven/jos-p0-1-wt/.venv/lib/python3.12/site-packages/starsim/timeline.py:408: RuntimeWarning: 
  The difference between start = <2025.01.06> and stop = <2025.01.06> is less than dt = 1; no timesteps will be run.
    ss.warn(warnmsg)

-- Docs: https://docs.pytest.org/en/stable/how-to/capture-warnings.html
=========================== short test summary info ============================
SKIPPED [1] tests/test_route4_weekday_memo.py:74: ROUTE-4 parent comparison tree is not present
SKIPPED [2] tests/test_route5_phase2_columns.py:100: phase-2 base comparison tree is not present
SKIPPED [1] tests/test_route_snapshot_columns.py:240: base comparison tree is not present
=========== 422 passed, 4 skipped, 15 warnings in 832.31s (0:13:52) ============

=== CI MIRROR TRANSCRIPT (persisted) ===
Resolved 77 packages in 0.72ms
Checked 75 packages in 0.78ms
uv sync exit=0
Resolved 77 packages in 0.69ms
uv lock exit=0
compileall exit=0
All checks passed!
ruff check exit=0
259 files already formatted
ruff format exit=0
Success: no issues found in 15 source files
pinned mypy exit=0
{"declared_deterministic_outputs": ["seed", "starsim_version", "time_series", "final"], "final": {"cumulative_infections": 37, "n_infected": 0, "n_recovered": 47, "n_susceptible": 53}, "model": "starsim_official_sir_demo", "network": {"n_contacts": 10, "official_starsim_network": true, "type": "RandomNet"}, "population_size": 100, "run_id": "jos-demo-55bc2313fab1", "schema_version": "1.0", "seed": 123, "simulation": {"dt": 1.0, "start": 2000.0, "stop": 2030.0, "unit": "year"}, "starsim_version": "3.5.2", "time_series": {"cumulative_infections": [36, 37, 37, 37, 37, 37, 37, 37, 37, 37, 37, 37, 37, 37, 37, 37, 37, 37, 37, 37, 37, 37, 37, 37, 37, 37, 37, 37, 37, 37, 37], "n_infected": [46, 2, 0, 0, 0, 0, 0, 0, 0, 0, 0, 0, 0, 0, 0, 0, 0, 0, 0, 0, 0, 0, 0, 0, 0, 0, 0, 0, 0, 0, 0], "n_recovered": [0, 45, 47, 47, 47, 47, 47, 47, 47, 47, 47, 47, 47, 47, 47, 47, 47, 47, 47, 47, 47, 47, 47, 47, 47, 47, 47, 47, 47, 47, 47], "n_susceptible": [54, 53, 53, 53, 53, 53, 53, 53, 53, 53, 53, 53, 53, 53, 53, 53, 53, 53, 53, 53, 53, 53, 53, 53, 53, 53, 53, 53, 53, 53, 53], "time_index": [0, 1, 2, 3, 4, 5, 6, 7, 8, 9, 10, 11, 12, 13, 14, 15, 16, 17, 18, 19, 20, 21, 22, 23, 24, 25, 26, 27, 28, 29, 30]}, "validation_level": "compatibility_spike"}
demo exit=0
{"artifact_directory": "/tmp/jos-population-ci/jos-population-m2-ci-seed-123-5f55360ffc68", "artifact_id": "jos-population-m2-ci-seed-123-5f55360ffc68", "communal_residents": 60, "diagnostics_status": "passed", "households": 1295, "logical_content_hash": "28a6d90a96454d11dcd6ad9d4531d69f9e4ec4396b802780084d3ae598c839a0", "mode": "ci", "runtime_seconds": 0.6349369020003905, "target_population": 3000}
population exit=0
{"artifact_directory": "/tmp/jos-structure-ci/jos-structure-m3-ci-seed-123-64334a035ddb", "artifact_id": "jos-structure-m3-ci-seed-123-64334a035ddb", "diagnostics_status": "passed", "logical_content_hash": "f072042f07db46a94fd61781eb9ee99545a6dc169d34b83d6de21ffdf56e3ce3", "m2_artifact_id": "jos-population-m2-ci-seed-123-5f55360ffc68", "mode": "ci", "primary_jobs": 1666, "runtime_seconds": 0.09558190100005959, "schools": 5, "secondary_jobs": 117, "target_population": 3000, "workplaces": 252}
structure exit=0
{"artifact_directory": "/tmp/jos-network-ci/jos-networks-m4-ci-seed-123-4768b9613c93", "artifact_id": "jos-networks-m4-ci-seed-123-4768b9613c93", "baseline_edges": 22428, "diagnostics_status": "passed", "logical_content_hash": "749e32383cbcfa5973cd2680e09b175267b12d72963cc286e6c4dd720ae53657", "mode": "ci", "routes": 11, "runtime_seconds": 0.5504640999997719, "target_population": 3000}
network exit=0
{"artifact_directory": "/home/steven/jos-p0-1-wt/outputs/interventions/jos-intervention-m7-ci-seed-123-c0be3d419f32", "artifact_id": "jos-intervention-m7-ci-seed-123-c0be3d419f32", "diagnostics_status": "passed", "logical_content_hash": "1e9f01ed1d770bbeb592c3d0c69add44040d2e80339b93b884b24701f4ed8a99", "runtime_seconds": 2.88281630199981, "scenario_hash": "7158b33cb7eba93112b1326aacc253d19136a4a85f70c7c4245113a26478665a", "scenario_id": "m7-baseline", "travel_controls": "DEFERRED TO M8"}
verifier success: m7_intervention jos-intervention-m7-ci-seed-123-c0be3d419f32
relocation exit=0
diff check exit=0
status:
?? configs/calibration/
?? src/jersey_outbreak/phase0_campaign.py
?? tests/test_phase0_campaign.py
tracked diff stat:
authorized line counts:
 1280 src/jersey_outbreak/phase0_campaign.py
  129 configs/calibration/v13_phase0_synthetic.yaml
  304 tests/test_phase0_campaign.py
 1713 total

=== FINAL POST-HARDENING CHECKS ===
{
  "predeclaration_sha256": "ef67fe49903c3984ca98679eb0470878bc25523baca3bc23a63e4ae7d983a104",
  "p0_1_grid_cells": 81,
  "p0_2_wrong_delay_cells": 81,
  "p0_2_wrong_regime_cells": 27,
  "p0_3_cells": 9,
  "total_cells": 198,
  "truth_latent_outbreak_calls": 5,
  "p0_1_p0_2_candidate_latent_outbreak_calls": 27,
  "p0_3_latent_outbreak_calls": 27,
  "total_latent_outbreak_calls": 59,
  "p0_1_latent_calls": 32,
  "p0_1_observation_transforms": 248,
  "total_observation_transforms": 599,
  "distinct_population_network_seed_builds": 8,
  "duration_days": 30,
  "mode": "ci"
}
dry-run exit=0
============================= test session starts ==============================
platform linux -- Python 3.12.13, pytest-8.4.2, pluggy-1.6.0
rootdir: /home/steven/jos-p0-1-wt
configfile: pyproject.toml
plugins: anyio-4.14.2
collected 13 items

tests/test_phase0_campaign.py .............                              [100%]

============================== 13 passed in 0.18s ==============================
phase0 tests exit=0
All checks passed!
ruff exit=0
2 files already formatted
format exit=0
Success: no issues found in 1 source file
mypy exit=0
diff check exit=0
?? configs/calibration/
?? src/jersey_outbreak/phase0_campaign.py
?? tests/test_phase0_campaign.py
 1280 src/jersey_outbreak/phase0_campaign.py
  129 configs/calibration/v13_phase0_synthetic.yaml
  340 tests/test_phase0_campaign.py
 1749 total

=== FINAL CALENDAR-BOUNDARY CHECKS ===
============================= test session starts ==============================
platform linux -- Python 3.12.13, pytest-8.4.2, pluggy-1.6.0
rootdir: /home/steven/jos-p0-1-wt
configfile: pyproject.toml
plugins: anyio-4.14.2
collected 13 items

tests/test_phase0_campaign.py .............                              [100%]

============================== 13 passed in 0.19s ==============================
phase0 tests exit=0
compileall exit=0
All checks passed!
ruff check exit=0
259 files already formatted
ruff format exit=0
Success: no issues found in 1 source file
mypy exit=0
diff check exit=0
?? configs/calibration/
?? src/jersey_outbreak/phase0_campaign.py
?? tests/test_phase0_campaign.py
 1286 src/jersey_outbreak/phase0_campaign.py
  129 configs/calibration/v13_phase0_synthetic.yaml
  357 tests/test_phase0_campaign.py
 1772 total

=== FINAL DECLARATION VALIDATION ===
{
  "predeclaration_sha256": "ef67fe49903c3984ca98679eb0470878bc25523baca3bc23a63e4ae7d983a104",
  "p0_1_grid_cells": 81,
  "p0_2_wrong_delay_cells": 81,
  "p0_2_wrong_regime_cells": 27,
  "p0_3_cells": 9,
  "total_cells": 198,
  "truth_latent_outbreak_calls": 5,
  "p0_1_p0_2_candidate_latent_outbreak_calls": 27,
  "p0_3_latent_outbreak_calls": 27,
  "total_latent_outbreak_calls": 59,
  "p0_1_latent_calls": 32,
  "p0_1_observation_transforms": 248,
  "total_observation_transforms": 599,
  "distinct_population_network_seed_builds": 8,
  "duration_days": 30,
  "mode": "ci"
}
dry-run exit=0
============================= test session starts ==============================
platform linux -- Python 3.12.13, pytest-8.4.2, pluggy-1.6.0
rootdir: /home/steven/jos-p0-1-wt
configfile: pyproject.toml
plugins: anyio-4.14.2
collected 13 items

tests/test_phase0_campaign.py .............                              [100%]

============================== 13 passed in 0.20s ==============================
phase0 tests exit=0
All checks passed!
ruff exit=0
259 files already formatted
format exit=0
Success: no issues found in 1 source file
mypy exit=0
compileall exit=0
diff check exit=0
?? configs/calibration/v13_phase0_synthetic.yaml
?? src/jersey_outbreak/phase0_campaign.py
?? tests/test_phase0_campaign.py
 1292 src/jersey_outbreak/phase0_campaign.py
  129 configs/calibration/v13_phase0_synthetic.yaml
  357 tests/test_phase0_campaign.py
 1778 total
