SHA=1460f2e988d13216283e5c496c6846e024e2a527

added 111 packages in 4s

> jos-frontend@1.1.0 test
> vitest run


 RUN  v2.1.9 /home/steven/jos-ui-integfix2-verify/frontend

 ↓ src/m10_1_live.test.ts (6 tests | 6 skipped)
 ✓ src/m10_2.test.ts (4 tests) 9ms
 ✓ src/m10_1.test.ts (11 tests) 29ms

 Test Files  2 passed | 1 skipped (3)
      Tests  15 passed | 6 skipped (21)
   Start at  19:03:03
   Duration  978ms (transform 368ms, setup 0ms, collect 696ms, tests 38ms, environment 1ms, prepare 281ms)


> jos-frontend@1.1.0 typecheck
> tsc --noEmit


> jos-frontend@1.1.0 build
> tsc --noEmit && vite build

vite v6.4.3 building for production...
transforming...
✓ 83 modules transformed.
rendering chunks...
computing gzip size...
dist/index.html                   0.78 kB │ gzip:   0.43 kB
dist/assets/index-DFEUSoIw.css   71.09 kB │ gzip:  13.40 kB
dist/assets/index-45TT9Wwg.js   346.57 kB │ gzip: 110.39 kB
✓ built in 1.04s
Synthetic research simulation — not a forecast: 1
not confidence intervals: 1
not predictions of real policy effectiveness: 1
Phases are real checkpoints: 2
No real people are modelled: 1
Risk strata are targeting metadata: 1
Map data © OpenStreetMap contributors, ODbL: 1
FRONTEND_MIRROR=PASS SHA=1460f2e988d13216283e5c496c6846e024e2a527
