head=7439b9dbde3120c4601cd903d21e408fa7999432 base=84b96763d9c5d6c85839218aba9d3876b96c8f7d 2026-09-12T19:23:37Z
mypy modules: 17
== uv sync --frozen
Using CPython 3.12.13
Creating virtual environment at: .venv
   Building jersey-outbreak-simulator @ file:///home/steven/jos-integ6-wt
      Built jersey-outbreak-simulator @ file:///home/steven/jos-integ6-wt
Prepared 1 package in 316ms
Installed 75 packages in 112ms
 + alembic==1.19.1
 + annotated-doc==0.0.5
 + annotated-types==0.8.0
 + anyio==4.14.2
 + certifi==2026.7.22
 + click==8.5.0
 + colorlog==6.12.0
 + contourpy==1.3.3
 + cycler==0.12.1
 + dill==0.4.1
 + et-xmlfile==2.0.0
 + fastapi==0.141.1
 + fonttools==4.63.0
 + gitdb==4.0.12
 + gitpython==3.1.59
 + greenlet==3.5.5
 + h11==0.16.0
 + httpcore==1.0.9
 + httpx==0.28.1
 + idna==3.19
 + iniconfig==2.3.0
 + jellyfish==1.2.1
 + jersey-outbreak-simulator==1.1.0 (from file:///home/steven/jos-integ6-wt)
 + jsonpickle==4.1.2
 + kiwisolver==1.5.0
 + librt==0.15.0
 + line-profiler==5.0.2
 + llvmlite==0.49.0
 + mako==1.4.1
 + markdown-it-py==4.2.0
 + markupsafe==3.0.3
 + matplotlib==3.11.1
 + mdurl==0.1.2
 + memory-profiler==0.61.0
 + multiprocess==0.70.19
 + mypy==1.20.2
 + mypy-extensions==1.1.0
 + networkx==3.6.1
 + numba==0.67.0
 + numpy==2.5.2
 + openpyxl==3.1.5
 + optuna==4.9.0
 + packaging==26.3
 + pandas==3.0.5
 + pathspec==1.1.1
 + pillow==12.3.0
 + pluggy==1.6.0
 + psutil==7.2.2
 + pyarrow==22.0.0
 + pydantic==2.13.4
 + pydantic-core==2.46.4
 + pygments==2.21.0
 + pyparsing==3.3.2
 + pytest==8.4.2
 + python-dateutil==2.9.0.post0
 + pyyaml==6.0.3
 + rich==15.0.0
 + ruff==0.16.4
 + scipy==1.18.1
 + sciris==3.3.0
 + seaborn==0.13.2
 + setuptools==84.0.0
 + shellingham==1.5.4
 + six==1.17.0
 + smmap==5.0.3
 + sqlalchemy==2.0.52
 + starlette==1.6.0
 + starsim==3.5.2
 + tqdm==4.70.0
 + typer==0.27.1
 + typing-extensions==4.16.0
 + typing-inspection==0.4.4
 + uvicorn==0.52.4
 + xlsxwriter==3.2.9
 + zstandard==0.25.0
-- ok
== uv lock --check
Resolved 77 packages in 0.71ms
-- ok
== compileall
-- ok
== pytest
........................................................................ [ 18%]
........................................................................ [ 36%]
........................................................................ [ 54%]
........................................................................ [ 72%]
........................................................................ [ 90%]
.....................................                                    [100%]
=============================== warnings summary ===============================
.venv/lib/python3.12/site-packages/fastapi/testclient.py:1
  /home/steven/jos-integ6-wt/.venv/lib/python3.12/site-packages/fastapi/testclient.py:1: StarletteDeprecationWarning: Using `httpx` with `starlette.testclient` is deprecated; install `httpx2` instead.
    from starlette.testclient import TestClient as TestClient  # noqa

tests/test_c1_identity.py::test_c1_starsim_identity_is_exact
tests/test_m8_1_travel_integrity.py::test_travel_diagnostics_detect_resident_id_mutation
tests/test_m9_1_job_integrity.py::test_restart_accepts_only_complete_valid_comparison
tests/test_m9_1_job_integrity.py::test_restart_accepts_only_complete_valid_comparison
tests/test_perf9_parent_reuse.py::test_execution_adapter_reuses_job_parent_across_invocations
tests/test_perf9_parent_reuse.py::test_execution_adapter_reuses_job_parent_across_invocations
tests/test_perf9_parent_reuse.py::test_execution_adapter_reuses_job_parent_across_invocations
tests/test_v121_prov_verifier_fixes.py::test_m7_diagnostics_status_is_derived
  /home/steven/jos-integ6-wt/.venv/lib/python3.12/site-packages/starsim/timeline.py:408: RuntimeWarning: 
  The difference between start = <2025.01.06> and stop = <2025.01.06> is less than dt = 1; no timesteps will be run.
    ss.warn(warnmsg)

-- Docs: https://docs.pytest.org/en/stable/how-to/capture-warnings.html
397 passed, 9 warnings in 806.79s (0:13:26)
-- ok
== ruff check
All checks passed!
-- ok
== ruff format --check
234 files already formatted
-- ok
== mypy
Success: no issues found in 17 source files
-- ok
== git diff --check
-- ok
== relocation check
{"artifact_directory": "/home/steven/jos-integ6-wt/outputs/interventions/jos-intervention-m7-ci-seed-123-c0be3d419f32", "artifact_id": "jos-intervention-m7-ci-seed-123-c0be3d419f32", "diagnostics_status": "passed", "logical_content_hash": "1e9f01ed1d770bbeb592c3d0c69add44040d2e80339b93b884b24701f4ed8a99", "runtime_seconds": 2.7915424809998513, "scenario_hash": "7158b33cb7eba93112b1326aacc253d19136a4a85f70c7c4245113a26478665a", "scenario_id": "m7-baseline", "travel_controls": "DEFERRED TO M8"}
verifier success: m7_intervention jos-intervention-m7-ci-seed-123-c0be3d419f32
-- ok
== jos demo
{"declared_deterministic_outputs": ["seed", "starsim_version", "time_series", "final"], "final": {"cumulative_infections": 37, "n_infected": 0, "n_recovered": 47, "n_susceptible": 53}, "model": "starsim_official_sir_demo", "network": {"n_contacts": 10, "official_starsim_network": true, "type": "RandomNet"}, "population_size": 100, "run_id": "jos-demo-55bc2313fab1", "schema_version": "1.0", "seed": 123, "simulation": {"dt": 1.0, "start": 2000.0, "stop": 2030.0, "unit": "year"}, "starsim_version": "3.5.2", "time_series": {"cumulative_infections": [36, 37, 37, 37, 37, 37, 37, 37, 37, 37, 37, 37, 37, 37, 37, 37, 37, 37, 37, 37, 37, 37, 37, 37, 37, 37, 37, 37, 37, 37, 37], "n_infected": [46, 2, 0, 0, 0, 0, 0, 0, 0, 0, 0, 0, 0, 0, 0, 0, 0, 0, 0, 0, 0, 0, 0, 0, 0, 0, 0, 0, 0, 0, 0], "n_recovered": [0, 45, 47, 47, 47, 47, 47, 47, 47, 47, 47, 47, 47, 47, 47, 47, 47, 47, 47, 47, 47, 47, 47, 47, 47, 47, 47, 47, 47, 47, 47], "n_susceptible": [54, 53, 53, 53, 53, 53, 53, 53, 53, 53, 53, 53, 53, 53, 53, 53, 53, 53, 53, 53, 53, 53, 53, 53, 53, 53, 53, 53, 53, 53, 53], "time_index": [0, 1, 2, 3, 4, 5, 6, 7, 8, 9, 10, 11, 12, 13, 14, 15, 16, 17, 18, 19, 20, 21, 22, 23, 24, 25, 26, 27, 28, 29, 30]}, "validation_level": "compatibility_spike"}
-- ok
== porcelain
-- ok
MIRROR_RESULT=PASS 2026-09-12T19:37:26Z
